> Task :checkKotlinGradlePluginConfigurationErrors SKIPPED
> Task :processResources UP-TO-DATE

> Task :detekt FAILED
C:\Users\arian\Desktop\ipca\3\pdm\api\src\main\kotlin\com\ipca\exceptions\ErrorHandler.kt:19:17: The function configureErrorHandling is too long (99). The maximum length is 60. [LongMethod]
C:\Users\arian\Desktop\ipca\3\pdm\api\src\main\kotlin\com\ipca\serialization\UUIDSerializer.kt:1:1: The empty Kotlin file C:\Users\arian\Desktop\ipca\3\pdm\api\src\main\kotlin\com\ipca\serialization\UUIDSerializer.kt can be removed. [EmptyKtFile]
C:\Users\arian\Desktop\ipca\3\pdm\api\src\main\kotlin\com\ipca\auth\configureAuth.kt:18:26: The caught exception is swallowed. The original exception could be lost. [SwallowedException]
C:\Users\arian\Desktop\ipca\3\pdm\api\src\main\kotlin\com\ipca\auth\JwtProvider.kt:55:18: The caught exception is too generic. Prefer catching specific exceptions to the case that is currently handled. [TooGenericExceptionCaught]
C:\Users\arian\Desktop\ipca\3\pdm\api\src\main\kotlin\com\ipca\auth\JwtProvider.kt:64:18: The caught exception is too generic. Prefer catching specific exceptions to the case that is currently handled. [TooGenericExceptionCaught]
C:\Users\arian\Desktop\ipca\3\pdm\api\src\main\kotlin\com\ipca\auth\JwtProvider.kt:64:18: The caught exception is swallowed. The original exception could be lost. [SwallowedException]
C:\Users\arian\Desktop\ipca\3\pdm\api\src\main\kotlin\com\ipca\validation\ActivityLogValidator.kt:43:18: The caught exception is swallowed. The original exception could be lost. [SwallowedException]
C:\Users\arian\Desktop\ipca\3\pdm\api\src\main\kotlin\com\ipca\Application.kt:3:1: Imports must be ordered in lexicographic order without any empty lines in-between with "java", "javax", "kotlin" and aliases in the end [ImportOrdering]
C:\Users\arian\Desktop\ipca\3\pdm\api\src\main\kotlin\com\ipca\Application.kt:36:1: Trailing space(s) [NoTrailingSpaces]
C:\Users\arian\Desktop\ipca\3\pdm\api\src\main\kotlin\com\ipca\auth\configureAuth.kt:4:1: Unused import [NoUnusedImports]
C:\Users\arian\Desktop\ipca\3\pdm\api\src\main\kotlin\com\ipca\dto\Campaign\CampaignCreateDTO.kt:3:1: Imports must be ordered in lexicographic order without any empty lines in-between with "java", "javax", "kotlin" and aliases in the end [ImportOrdering]
C:\Users\arian\Desktop\ipca\3\pdm\api\src\main\kotlin\com\ipca\dto\Campaign\CampaignResponseDTO.kt:3:1: Imports must be ordered in lexicographic order without any empty lines in-between with "java", "javax", "kotlin" and aliases in the end [ImportOrdering]
C:\Users\arian\Desktop\ipca\3\pdm\api\src\main\kotlin\com\ipca\dto\Campaign\CampaignUpdateDTO.kt:3:1: Imports must be ordered in lexicographic order without any empty lines in-between with "java", "javax", "kotlin" and aliases in the end [ImportOrdering]
C:\Users\arian\Desktop\ipca\3\pdm\api\src\main\kotlin\com\ipca\dto\Delivery\DeliveryCreateDTO.kt:3:1: Imports must be ordered in lexicographic order without any empty lines in-between with "java", "javax", "kotlin" and aliases in the end [ImportOrdering]
C:\Users\arian\Desktop\ipca\3\pdm\api\src\main\kotlin\com\ipca\dto\Delivery\DeliveryResponseDTO.kt:3:1: Imports must be ordered in lexicographic order without any empty lines in-between with "java", "javax", "kotlin" and aliases in the end [ImportOrdering]
C:\Users\arian\Desktop\ipca\3\pdm\api\src\main\kotlin\com\ipca\dto\Donation\DonationCreateDTO.kt:3:1: Imports must be ordered in lexicographic order without any empty lines in-between with "java", "javax", "kotlin" and aliases in the end [ImportOrdering]
C:\Users\arian\Desktop\ipca\3\pdm\api\src\main\kotlin\com\ipca\dto\Donation\DonationResponseDTO.kt:3:1: Imports must be ordered in lexicographic order without any empty lines in-between with "java", "javax", "kotlin" and aliases in the end [ImportOrdering]
C:\Users\arian\Desktop\ipca\3\pdm\api\src\main\kotlin\com\ipca\dto\Donation\DonationUpdateDTO.kt:3:1: Imports must be ordered in lexicographic order without any empty lines in-between with "java", "javax", "kotlin" and aliases in the end [ImportOrdering]
C:\Users\arian\Desktop\ipca\3\pdm\api\src\main\kotlin\com\ipca\dto\ExpirationAlert\ExpirationAlertCreateDTO.kt:3:1: Imports must be ordered in lexicographic order without any empty lines in-between with "java", "javax", "kotlin" and aliases in the end [ImportOrdering]
C:\Users\arian\Desktop\ipca\3\pdm\api\src\main\kotlin\com\ipca\dto\ExpirationAlert\ExpirationAlertResponseDTO.kt:3:1: Imports must be ordered in lexicographic order without any empty lines in-between with "java", "javax", "kotlin" and aliases in the end [ImportOrdering]
C:\Users\arian\Desktop\ipca\3\pdm\api\src\main\kotlin\com\ipca\dto\Good\GoodCreateDTO.kt:3:1: Imports must be ordered in lexicographic order without any empty lines in-between with "java", "javax", "kotlin" and aliases in the end [ImportOrdering]
C:\Users\arian\Desktop\ipca\3\pdm\api\src\main\kotlin\com\ipca\dto\Good\GoodResponseDTO.kt:3:1: Imports must be ordered in lexicographic order without any empty lines in-between with "java", "javax", "kotlin" and aliases in the end [ImportOrdering]
C:\Users\arian\Desktop\ipca\3\pdm\api\src\main\kotlin\com\ipca\dto\Good\GoodUpdateDTO.kt:3:1: Imports must be ordered in lexicographic order without any empty lines in-between with "java", "javax", "kotlin" and aliases in the end [ImportOrdering]
C:\Users\arian\Desktop\ipca\3\pdm\api\src\main\kotlin\com\ipca\dto\News\NewsCreateDTO.kt:2:1: Imports must be ordered in lexicographic order without any empty lines in-between with "java", "javax", "kotlin" and aliases in the end [ImportOrdering]
C:\Users\arian\Desktop\ipca\3\pdm\api\src\main\kotlin\com\ipca\dto\News\NewsResponseDTO.kt:3:1: Imports must be ordered in lexicographic order without any empty lines in-between with "java", "javax", "kotlin" and aliases in the end [ImportOrdering]
C:\Users\arian\Desktop\ipca\3\pdm\api\src\main\kotlin\com\ipca\dto\News\NewsUpdateDTO.kt:3:1: Imports must be ordered in lexicographic order without any empty lines in-between with "java", "javax", "kotlin" and aliases in the end [ImportOrdering]
C:\Users\arian\Desktop\ipca\3\pdm\api\src\main\kotlin\com\ipca\dto\Schedulling\SchedulingCreateDTO.kt:3:1: Imports must be ordered in lexicographic order without any empty lines in-between with "java", "javax", "kotlin" and aliases in the end [ImportOrdering]
C:\Users\arian\Desktop\ipca\3\pdm\api\src\main\kotlin\com\ipca\dto\Schedulling\SchedulingResponseDTO.kt:3:1: Imports must be ordered in lexicographic order without any empty lines in-between with "java", "javax", "kotlin" and aliases in the end [ImportOrdering]
C:\Users\arian\Desktop\ipca\3\pdm\api\src\main\kotlin\com\ipca\dto\Schedulling\SchedulingUpdateDTO.kt:3:1: Imports must be ordered in lexicographic order without any empty lines in-between with "java", "javax", "kotlin" and aliases in the end [ImportOrdering]
C:\Users\arian\Desktop\ipca\3\pdm\api\src\main\kotlin\com\ipca\exceptions\ErrorHandler.kt:3:1: Wildcard import [NoWildcardImports]
C:\Users\arian\Desktop\ipca\3\pdm\api\src\main\kotlin\com\ipca\exceptions\ErrorHandler.kt:4:1: Wildcard import [NoWildcardImports]
C:\Users\arian\Desktop\ipca\3\pdm\api\src\main\kotlin\com\ipca\exceptions\ErrorHandler.kt:5:1: Wildcard import [NoWildcardImports]
C:\Users\arian\Desktop\ipca\3\pdm\api\src\main\kotlin\com\ipca\exceptions\ErrorHandler.kt:6:1: Wildcard import [NoWildcardImports]
C:\Users\arian\Desktop\ipca\3\pdm\api\src\main\kotlin\com\ipca\services\DeliveryService.kt:3:1: Imports must be ordered in lexicographic order without any empty lines in-between with "java", "javax", "kotlin" and aliases in the end [ImportOrdering]
C:\Users\arian\Desktop\ipca\3\pdm\api\src\main\kotlin\com\ipca\services\DonationService.kt:3:1: Imports must be ordered in lexicographic order without any empty lines in-between with "java", "javax", "kotlin" and aliases in the end [ImportOrdering]
C:\Users\arian\Desktop\ipca\3\pdm\api\src\main\kotlin\com\ipca\services\ExpirationAlertService.kt:3:1: Imports must be ordered in lexicographic order without any empty lines in-between with "java", "javax", "kotlin" and aliases in the end [ImportOrdering]
C:\Users\arian\Desktop\ipca\3\pdm\api\src\main\kotlin\com\ipca\services\GoodService.kt:3:1: Imports must be ordered in lexicographic order without any empty lines in-between with "java", "javax", "kotlin" and aliases in the end [ImportOrdering]
C:\Users\arian\Desktop\ipca\3\pdm\api\src\main\kotlin\com\ipca\services\NewsService.kt:3:1: Imports must be ordered in lexicographic order without any empty lines in-between with "java", "javax", "kotlin" and aliases in the end [ImportOrdering]
C:\Users\arian\Desktop\ipca\3\pdm\api\src\main\kotlin\com\ipca\services\SchedulingService.kt:91:1: Exceeded max line length (120) [MaximumLineLength]
C:\Users\arian\Desktop\ipca\3\pdm\api\src\main\kotlin\com\ipca\services\SchedulingService.kt:3:1: Imports must be ordered in lexicographic order without any empty lines in-between with "java", "javax", "kotlin" and aliases in the end [ImportOrdering]
C:\Users\arian\Desktop\ipca\3\pdm\api\src\main\kotlin\com\ipca\utils\DateUtils.kt:3:1: Wildcard import [NoWildcardImports]
C:\Users\arian\Desktop\ipca\3\pdm\api\src\main\kotlin\com\ipca\validation\GoodValidator.kt:3:1: Imports must be ordered in lexicographic order without any empty lines in-between with "java", "javax", "kotlin" and aliases in the end [ImportOrdering]
C:\Users\arian\Desktop\ipca\3\pdm\api\src\main\kotlin\com\ipca\validation\NewsValidator.kt:3:1: Imports must be ordered in lexicographic order without any empty lines in-between with "java", "javax", "kotlin" and aliases in the end [ImportOrdering]
C:\Users\arian\Desktop\ipca\3\pdm\api\src\main\kotlin\com\ipca\validation\SchedulingValidator.kt:3:1: Imports must be ordered in lexicographic order without any empty lines in-between with "java", "javax", "kotlin" and aliases in the end [ImportOrdering]
C:\Users\arian\Desktop\ipca\3\pdm\api\src\test\kotlin\com\ipca\integration\AuthenticationIntegrationTest.kt:9:1: Wildcard import [NoWildcardImports]
C:\Users\arian\Desktop\ipca\3\pdm\api\src\test\kotlin\com\ipca\integration\AuthenticationIntegrationTest.kt:10:1: Wildcard import [NoWildcardImports]
C:\Users\arian\Desktop\ipca\3\pdm\api\src\test\kotlin\com\ipca\integration\AuthenticationIntegrationTest.kt:11:1: Wildcard import [NoWildcardImports]
C:\Users\arian\Desktop\ipca\3\pdm\api\src\test\kotlin\com\ipca\integration\AuthenticationIntegrationTest.kt:29:1: Trailing space(s) [NoTrailingSpaces]
C:\Users\arian\Desktop\ipca\3\pdm\api\src\test\kotlin\com\ipca\integration\AuthenticationIntegrationTest.kt:66:1: Trailing space(s) [NoTrailingSpaces]
C:\Users\arian\Desktop\ipca\3\pdm\api\src\test\kotlin\com\ipca\integration\AuthenticationIntegrationTest.kt:77:1: Trailing space(s) [NoTrailingSpaces]
C:\Users\arian\Desktop\ipca\3\pdm\api\src\test\kotlin\com\ipca\integration\AuthenticationIntegrationTest.kt:92:1: Trailing space(s) [NoTrailingSpaces]
C:\Users\arian\Desktop\ipca\3\pdm\api\src\test\kotlin\com\ipca\integration\AuthenticationIntegrationTest.kt:4:1: Unused import [NoUnusedImports]
C:\Users\arian\Desktop\ipca\3\pdm\api\src\test\kotlin\com\ipca\integration\AuthenticationIntegrationTest.kt:19:1: Unused import [NoUnusedImports]
C:\Users\arian\Desktop\ipca\3\pdm\api\src\test\kotlin\com\ipca\TestApplicationFactory.kt:4:1: Wildcard import [NoWildcardImports]
C:\Users\arian\Desktop\ipca\3\pdm\api\src\test\kotlin\com\ipca\TestApplicationFactory.kt:5:1: Wildcard import [NoWildcardImports]
C:\Users\arian\Desktop\ipca\3\pdm\api\src\test\kotlin\com\ipca\TestApplicationFactory.kt:6:1: Wildcard import [NoWildcardImports]
C:\Users\arian\Desktop\ipca\3\pdm\api\src\test\kotlin\com\ipca\TestApplicationFactory.kt:7:1: Wildcard import [NoWildcardImports]
C:\Users\arian\Desktop\ipca\3\pdm\api\src\test\kotlin\com\ipca\TestApplicationFactory.kt:13:1: Trailing space(s) [NoTrailingSpaces]
C:\Users\arian\Desktop\ipca\3\pdm\api\src\test\kotlin\com\ipca\TestApplicationFactory.kt:20:1: Trailing space(s) [NoTrailingSpaces]
C:\Users\arian\Desktop\ipca\3\pdm\api\src\test\kotlin\com\ipca\TestApplicationFactory.kt:41:1: Trailing space(s) [NoTrailingSpaces]
C:\Users\arian\Desktop\ipca\3\pdm\api\src\test\kotlin\com\ipca\TestApplicationFactory.kt:3:1: Unused import [NoUnusedImports]
C:\Users\arian\Desktop\ipca\3\pdm\api\src\test\kotlin\com\ipca\unit\dto\DTOSerializationTest.kt:3:1: Imports must be ordered in lexicographic order without any empty lines in-between with "java", "javax", "kotlin" and aliases in the end [ImportOrdering]
C:\Users\arian\Desktop\ipca\3\pdm\api\src\test\kotlin\com\ipca\unit\logic\GoodExpirationLogicTest.kt:3:1: Imports must be ordered in lexicographic order without any empty lines in-between with "java", "javax", "kotlin" and aliases in the end [ImportOrdering]
C:\Users\arian\Desktop\ipca\3\pdm\api\src\test\kotlin\com\ipca\unit\validation\ValidationTests.kt:3:1: Imports must be ordered in lexicographic order without any empty lines in-between with "java", "javax", "kotlin" and aliases in the end [ImportOrdering]
C:\Users\arian\Desktop\ipca\3\pdm\api\src\test\kotlin\com\ipca\unit\validation\ValidationTests.kt:14:1: Wildcard import [NoWildcardImports]
C:\Users\arian\Desktop\ipca\3\pdm\api\src\main\kotlin\com\ipca\exceptions\ErrorHandler.kt:3:1: io.ktor.http.* is a wildcard import. Replace it with fully qualified imports. [WildcardImport]
C:\Users\arian\Desktop\ipca\3\pdm\api\src\main\kotlin\com\ipca\exceptions\ErrorHandler.kt:4:1: io.ktor.server.application.* is a wildcard import. Replace it with fully qualified imports. [WildcardImport]
C:\Users\arian\Desktop\ipca\3\pdm\api\src\main\kotlin\com\ipca\exceptions\ErrorHandler.kt:5:1: io.ktor.server.plugins.statuspages.* is a wildcard import. Replace it with fully qualified imports. [WildcardImport]
C:\Users\arian\Desktop\ipca\3\pdm\api\src\main\kotlin\com\ipca\exceptions\ErrorHandler.kt:6:1: io.ktor.server.response.* is a wildcard import. Replace it with fully qualified imports. [WildcardImport]
C:\Users\arian\Desktop\ipca\3\pdm\api\src\main\kotlin\com\ipca\services\SchedulingService.kt:91:1: Line detected, which is longer than the defined maximum line length in the code style. [MaxLineLength]
C:\Users\arian\Desktop\ipca\3\pdm\api\src\main\kotlin\com\ipca\utils\DateUtils.kt:3:1: kotlinx.datetime.* is a wildcard import. Replace it with fully qualified imports. [WildcardImport]
C:\Users\arian\Desktop\ipca\3\pdm\api\src\test\kotlin\com\ipca\integration\AuthenticationIntegrationTest.kt:9:1: io.ktor.client.call.* is a wildcard import. Replace it with fully qualified imports. [WildcardImport]
C:\Users\arian\Desktop\ipca\3\pdm\api\src\test\kotlin\com\ipca\integration\AuthenticationIntegrationTest.kt:10:1: io.ktor.client.request.* is a wildcard import. Replace it with fully qualified imports. [WildcardImport]
C:\Users\arian\Desktop\ipca\3\pdm\api\src\test\kotlin\com\ipca\integration\AuthenticationIntegrationTest.kt:11:1: io.ktor.http.* is a wildcard import. Replace it with fully qualified imports. [WildcardImport]
C:\Users\arian\Desktop\ipca\3\pdm\api\src\test\kotlin\com\ipca\TestApplicationFactory.kt:4:1: io.ktor.client.request.* is a wildcard import. Replace it with fully qualified imports. [WildcardImport]
C:\Users\arian\Desktop\ipca\3\pdm\api\src\test\kotlin\com\ipca\TestApplicationFactory.kt:5:1: io.ktor.client.statement.* is a wildcard import. Replace it with fully qualified imports. [WildcardImport]
C:\Users\arian\Desktop\ipca\3\pdm\api\src\test\kotlin\com\ipca\TestApplicationFactory.kt:6:1: io.ktor.http.* is a wildcard import. Replace it with fully qualified imports. [WildcardImport]
C:\Users\arian\Desktop\ipca\3\pdm\api\src\test\kotlin\com\ipca\TestApplicationFactory.kt:7:1: io.ktor.server.testing.* is a wildcard import. Replace it with fully qualified imports. [WildcardImport]
C:\Users\arian\Desktop\ipca\3\pdm\api\src\test\kotlin\com\ipca\unit\validation\ValidationTests.kt:14:1: com.ipca.utils.* is a wildcard import. Replace it with fully qualified imports. [WildcardImport]

complexity - 20min debt
	LongMethod - 99/60 - [The function configureErrorHandling is too long (99). The maximum length is 60.] at C:\Users\arian\Desktop\ipca\3\pdm\api\src\main\kotlin\com\ipca\exceptions\ErrorHandler.kt:19:17
empty-blocks - 5min debt
	EmptyKtFile - [The empty Kotlin file C:\Users\arian\Desktop\ipca\3\pdm\api\src\main\kotlin\com\(...)] at C:\Users\arian\Desktop\ipca\3\pdm\api\src\main\kotlin\com\ipca\serialization\UUIDSerializer.kt:1:1
exceptions - 1h 40min debt
	SwallowedException - [The caught exception is swallowed. The original exception could be lost.] at C:\Users\arian\Desktop\ipca\3\pdm\api\src\main\kotlin\com\ipca\auth\configureAuth.kt:18:26
	TooGenericExceptionCaught - [The caught exception is too generic. Prefer catching specific exceptions to the (...)] at C:\Users\arian\Desktop\ipca\3\pdm\api\src\main\kotlin\com\ipca\auth\JwtProvider.kt:55:18
	TooGenericExceptionCaught - [The caught exception is too generic. Prefer catching specific exceptions to the (...)] at C:\Users\arian\Desktop\ipca\3\pdm\api\src\main\kotlin\com\ipca\auth\JwtProvider.kt:64:18
	SwallowedException - [The caught exception is swallowed. The original exception could be lost.] at C:\Users\arian\Desktop\ipca\3\pdm\api\src\main\kotlin\com\ipca\auth\JwtProvider.kt:64:18
	SwallowedException - [The caught exception is swallowed. The original exception could be lost.] at C:\Users\arian\Desktop\ipca\3\pdm\api\src\main\kotlin\com\ipca\validation\ActivityLogValidator.kt:43:18
formatting - 4h 50min debt
	ImportOrdering - [Imports must be ordered in lexicographic order without any empty lines in-betwee(...)] at C:\Users\arian\Desktop\ipca\3\pdm\api\src\main\kotlin\com\ipca\Application.kt:3:1
	NoTrailingSpaces - [Trailing space(s)] at C:\Users\arian\Desktop\ipca\3\pdm\api\src\main\kotlin\com\ipca\Application.kt:36:1
	NoUnusedImports - [Unused import] at C:\Users\arian\Desktop\ipca\3\pdm\api\src\main\kotlin\com\ipca\auth\configureAuth.kt:4:1
	ImportOrdering - [Imports must be ordered in lexicographic order without any empty lines in-betwee(...)] at C:\Users\arian\Desktop\ipca\3\pdm\api\src\main\kotlin\com\ipca\dto\Campaign\CampaignCreateDTO.kt:3:1
	ImportOrdering - [Imports must be ordered in lexicographic order without any empty lines in-betwee(...)] at C:\Users\arian\Desktop\ipca\3\pdm\api\src\main\kotlin\com\ipca\dto\Campaign\CampaignResponseDTO.kt:3:1
	ImportOrdering - [Imports must be ordered in lexicographic order without any empty lines in-betwee(...)] at C:\Users\arian\Desktop\ipca\3\pdm\api\src\main\kotlin\com\ipca\dto\Campaign\CampaignUpdateDTO.kt:3:1
	ImportOrdering - [Imports must be ordered in lexicographic order without any empty lines in-betwee(...)] at C:\Users\arian\Desktop\ipca\3\pdm\api\src\main\kotlin\com\ipca\dto\Delivery\DeliveryCreateDTO.kt:3:1
	ImportOrdering - [Imports must be ordered in lexicographic order without any empty lines in-betwee(...)] at C:\Users\arian\Desktop\ipca\3\pdm\api\src\main\kotlin\com\ipca\dto\Delivery\DeliveryResponseDTO.kt:3:1
	ImportOrdering - [Imports must be ordered in lexicographic order without any empty lines in-betwee(...)] at C:\Users\arian\Desktop\ipca\3\pdm\api\src\main\kotlin\com\ipca\dto\Donation\DonationCreateDTO.kt:3:1
	ImportOrdering - [Imports must be ordered in lexicographic order without any empty lines in-betwee(...)] at C:\Users\arian\Desktop\ipca\3\pdm\api\src\main\kotlin\com\ipca\dto\Donation\DonationResponseDTO.kt:3:1
	ImportOrdering - [Imports must be ordered in lexicographic order without any empty lines in-betwee(...)] at C:\Users\arian\Desktop\ipca\3\pdm\api\src\main\kotlin\com\ipca\dto\Donation\DonationUpdateDTO.kt:3:1
	ImportOrdering - [Imports must be ordered in lexicographic order without any empty lines in-betwee(...)] at C:\Users\arian\Desktop\ipca\3\pdm\api\src\main\kotlin\com\ipca\dto\ExpirationAlert\ExpirationAlertCreateDTO.kt:3:1
	ImportOrdering - [Imports must be ordered in lexicographic order without any empty lines in-betwee(...)] at C:\Users\arian\Desktop\ipca\3\pdm\api\src\main\kotlin\com\ipca\dto\ExpirationAlert\ExpirationAlertResponseDTO.kt:3:1
	ImportOrdering - [Imports must be ordered in lexicographic order without any empty lines in-betwee(...)] at C:\Users\arian\Desktop\ipca\3\pdm\api\src\main\kotlin\com\ipca\dto\Good\GoodCreateDTO.kt:3:1
	ImportOrdering - [Imports must be ordered in lexicographic order without any empty lines in-betwee(...)] at C:\Users\arian\Desktop\ipca\3\pdm\api\src\main\kotlin\com\ipca\dto\Good\GoodResponseDTO.kt:3:1
	ImportOrdering - [Imports must be ordered in lexicographic order without any empty lines in-betwee(...)] at C:\Users\arian\Desktop\ipca\3\pdm\api\src\main\kotlin\com\ipca\dto\Good\GoodUpdateDTO.kt:3:1
	ImportOrdering - [Imports must be ordered in lexicographic order without any empty lines in-betwee(...)] at C:\Users\arian\Desktop\ipca\3\pdm\api\src\main\kotlin\com\ipca\dto\News\NewsCreateDTO.kt:2:1
	ImportOrdering - [Imports must be ordered in lexicographic order without any empty lines in-betwee(...)] at C:\Users\arian\Desktop\ipca\3\pdm\api\src\main\kotlin\com\ipca\dto\News\NewsResponseDTO.kt:3:1
	ImportOrdering - [Imports must be ordered in lexicographic order without any empty lines in-betwee(...)] at C:\Users\arian\Desktop\ipca\3\pdm\api\src\main\kotlin\com\ipca\dto\News\NewsUpdateDTO.kt:3:1
	ImportOrdering - [Imports must be ordered in lexicographic order without any empty lines in-betwee(...)] at C:\Users\arian\Desktop\ipca\3\pdm\api\src\main\kotlin\com\ipca\dto\Schedulling\SchedulingCreateDTO.kt:3:1
	ImportOrdering - [Imports must be ordered in lexicographic order without any empty lines in-betwee(...)] at C:\Users\arian\Desktop\ipca\3\pdm\api\src\main\kotlin\com\ipca\dto\Schedulling\SchedulingResponseDTO.kt:3:1
	ImportOrdering - [Imports must be ordered in lexicographic order without any empty lines in-betwee(...)] at C:\Users\arian\Desktop\ipca\3\pdm\api\src\main\kotlin\com\ipca\dto\Schedulling\SchedulingUpdateDTO.kt:3:1
	NoWildcardImports - [Wildcard import] at C:\Users\arian\Desktop\ipca\3\pdm\api\src\main\kotlin\com\ipca\exceptions\ErrorHandler.kt:3:1
	NoWildcardImports - [Wildcard import] at C:\Users\arian\Desktop\ipca\3\pdm\api\src\main\kotlin\com\ipca\exceptions\ErrorHandler.kt:4:1
	NoWildcardImports - [Wildcard import] at C:\Users\arian\Desktop\ipca\3\pdm\api\src\main\kotlin\com\ipca\exceptions\ErrorHandler.kt:5:1
	NoWildcardImports - [Wildcard import] at C:\Users\arian\Desktop\ipca\3\pdm\api\src\main\kotlin\com\ipca\exceptions\ErrorHandler.kt:6:1
	ImportOrdering - [Imports must be ordered in lexicographic order without any empty lines in-betwee(...)] at C:\Users\arian\Desktop\ipca\3\pdm\api\src\main\kotlin\com\ipca\services\DeliveryService.kt:3:1
	ImportOrdering - [Imports must be ordered in lexicographic order without any empty lines in-betwee(...)] at C:\Users\arian\Desktop\ipca\3\pdm\api\src\main\kotlin\com\ipca\services\DonationService.kt:3:1
	ImportOrdering - [Imports must be ordered in lexicographic order without any empty lines in-betwee(...)] at C:\Users\arian\Desktop\ipca\3\pdm\api\src\main\kotlin\com\ipca\services\ExpirationAlertService.kt:3:1
	ImportOrdering - [Imports must be ordered in lexicographic order without any empty lines in-betwee(...)] at C:\Users\arian\Desktop\ipca\3\pdm\api\src\main\kotlin\com\ipca\services\GoodService.kt:3:1
	ImportOrdering - [Imports must be ordered in lexicographic order without any empty lines in-betwee(...)] at C:\Users\arian\Desktop\ipca\3\pdm\api\src\main\kotlin\com\ipca\services\NewsService.kt:3:1
	MaximumLineLength - [Exceeded max line length (120)] at C:\Users\arian\Desktop\ipca\3\pdm\api\src\main\kotlin\com\ipca\services\SchedulingService.kt:91:1
	ImportOrdering - [Imports must be ordered in lexicographic order without any empty lines in-betwee(...)] at C:\Users\arian\Desktop\ipca\3\pdm\api\src\main\kotlin\com\ipca\services\SchedulingService.kt:3:1
	NoWildcardImports - [Wildcard import] at C:\Users\arian\Desktop\ipca\3\pdm\api\src\main\kotlin\com\ipca\utils\DateUtils.kt:3:1
	ImportOrdering - [Imports must be ordered in lexicographic order without any empty lines in-betwee(...)] at C:\Users\arian\Desktop\ipca\3\pdm\api\src\main\kotlin\com\ipca\validation\GoodValidator.kt:3:1
	ImportOrdering - [Imports must be ordered in lexicographic order without any empty lines in-betwee(...)] at C:\Users\arian\Desktop\ipca\3\pdm\api\src\main\kotlin\com\ipca\validation\NewsValidator.kt:3:1
	ImportOrdering - [Imports must be ordered in lexicographic order without any empty lines in-betwee(...)] at C:\Users\arian\Desktop\ipca\3\pdm\api\src\main\kotlin\com\ipca\validation\SchedulingValidator.kt:3:1
	NoWildcardImports - [Wildcard import] at C:\Users\arian\Desktop\ipca\3\pdm\api\src\test\kotlin\com\ipca\integration\AuthenticationIntegrationTest.kt:9:1
	NoWildcardImports - [Wildcard import] at C:\Users\arian\Desktop\ipca\3\pdm\api\src\test\kotlin\com\ipca\integration\AuthenticationIntegrationTest.kt:10:1
	NoWildcardImports - [Wildcard import] at C:\Users\arian\Desktop\ipca\3\pdm\api\src\test\kotlin\com\ipca\integration\AuthenticationIntegrationTest.kt:11:1
	NoTrailingSpaces - [Trailing space(s)] at C:\Users\arian\Desktop\ipca\3\pdm\api\src\test\kotlin\com\ipca\integration\AuthenticationIntegrationTest.kt:29:1
	NoTrailingSpaces - [Trailing space(s)] at C:\Users\arian\Desktop\ipca\3\pdm\api\src\test\kotlin\com\ipca\integration\AuthenticationIntegrationTest.kt:66:1
	NoTrailingSpaces - [Trailing space(s)] at C:\Users\arian\Desktop\ipca\3\pdm\api\src\test\kotlin\com\ipca\integration\AuthenticationIntegrationTest.kt:77:1
	NoTrailingSpaces - [Trailing space(s)] at C:\Users\arian\Desktop\ipca\3\pdm\api\src\test\kotlin\com\ipca\integration\AuthenticationIntegrationTest.kt:92:1
	NoUnusedImports - [Unused import] at C:\Users\arian\Desktop\ipca\3\pdm\api\src\test\kotlin\com\ipca\integration\AuthenticationIntegrationTest.kt:4:1
	NoUnusedImports - [Unused import] at C:\Users\arian\Desktop\ipca\3\pdm\api\src\test\kotlin\com\ipca\integration\AuthenticationIntegrationTest.kt:19:1
	NoWildcardImports - [Wildcard import] at C:\Users\arian\Desktop\ipca\3\pdm\api\src\test\kotlin\com\ipca\TestApplicationFactory.kt:4:1
	NoWildcardImports - [Wildcard import] at C:\Users\arian\Desktop\ipca\3\pdm\api\src\test\kotlin\com\ipca\TestApplicationFactory.kt:5:1
	NoWildcardImports - [Wildcard import] at C:\Users\arian\Desktop\ipca\3\pdm\api\src\test\kotlin\com\ipca\TestApplicationFactory.kt:6:1
	NoWildcardImports - [Wildcard import] at C:\Users\arian\Desktop\ipca\3\pdm\api\src\test\kotlin\com\ipca\TestApplicationFactory.kt:7:1
	NoTrailingSpaces - [Trailing space(s)] at C:\Users\arian\Desktop\ipca\3\pdm\api\src\test\kotlin\com\ipca\TestApplicationFactory.kt:13:1
	NoTrailingSpaces - [Trailing space(s)] at C:\Users\arian\Desktop\ipca\3\pdm\api\src\test\kotlin\com\ipca\TestApplicationFactory.kt:20:1
	NoTrailingSpaces - [Trailing space(s)] at C:\Users\arian\Desktop\ipca\3\pdm\api\src\test\kotlin\com\ipca\TestApplicationFactory.kt:41:1
	NoUnusedImports - [Unused import] at C:\Users\arian\Desktop\ipca\3\pdm\api\src\test\kotlin\com\ipca\TestApplicationFactory.kt:3:1
	ImportOrdering - [Imports must be ordered in lexicographic order without any empty lines in-betwee(...)] at C:\Users\arian\Desktop\ipca\3\pdm\api\src\test\kotlin\com\ipca\unit\dto\DTOSerializationTest.kt:3:1
	ImportOrdering - [Imports must be ordered in lexicographic order without any empty lines in-betwee(...)] at C:\Users\arian\Desktop\ipca\3\pdm\api\src\test\kotlin\com\ipca\unit\logic\GoodExpirationLogicTest.kt:3:1
	ImportOrdering - [Imports must be ordered in lexicographic order without any empty lines in-betwee(...)] at C:\Users\arian\Desktop\ipca\3\pdm\api\src\test\kotlin\com\ipca\unit\validation\ValidationTests.kt:3:1
	NoWildcardImports - [Wildcard import] at C:\Users\arian\Desktop\ipca\3\pdm\api\src\test\kotlin\com\ipca\unit\validation\ValidationTests.kt:14:1
style - 1h 10min debt
	WildcardImport - [io.ktor.http.* is a wildcard import. Replace it with fully qualified imports.] at C:\Users\arian\Desktop\ipca\3\pdm\api\src\main\kotlin\com\ipca\exceptions\ErrorHandler.kt:3:1
	WildcardImport - [io.ktor.server.application.* is a wildcard import. Replace it with fully qualifi(...)] at C:\Users\arian\Desktop\ipca\3\pdm\api\src\main\kotlin\com\ipca\exceptions\ErrorHandler.kt:4:1
	WildcardImport - [io.ktor.server.plugins.statuspages.* is a wildcard import. Replace it with fully(...)] at C:\Users\arian\Desktop\ipca\3\pdm\api\src\main\kotlin\com\ipca\exceptions\ErrorHandler.kt:5:1
	WildcardImport - [io.ktor.server.response.* is a wildcard import. Replace it with fully qualified (...)] at C:\Users\arian\Desktop\ipca\3\pdm\api\src\main\kotlin\com\ipca\exceptions\ErrorHandler.kt:6:1
	MaxLineLength - [Line detected, which is longer than the defined maximum line length in the code (...)] at C:\Users\arian\Desktop\ipca\3\pdm\api\src\main\kotlin\com\ipca\services\SchedulingService.kt:91:1
	WildcardImport - [kotlinx.datetime.* is a wildcard import. Replace it with fully qualified imports(...)] at C:\Users\arian\Desktop\ipca\3\pdm\api\src\main\kotlin\com\ipca\utils\DateUtils.kt:3:1
	WildcardImport - [io.ktor.client.call.* is a wildcard import. Replace it with fully qualified impo(...)] at C:\Users\arian\Desktop\ipca\3\pdm\api\src\test\kotlin\com\ipca\integration\AuthenticationIntegrationTest.kt:9:1
	WildcardImport - [io.ktor.client.request.* is a wildcard import. Replace it with fully qualified i(...)] at C:\Users\arian\Desktop\ipca\3\pdm\api\src\test\kotlin\com\ipca\integration\AuthenticationIntegrationTest.kt:10:1
	WildcardImport - [io.ktor.http.* is a wildcard import. Replace it with fully qualified imports.] at C:\Users\arian\Desktop\ipca\3\pdm\api\src\test\kotlin\com\ipca\integration\AuthenticationIntegrationTest.kt:11:1
	WildcardImport - [io.ktor.client.request.* is a wildcard import. Replace it with fully qualified i(...)] at C:\Users\arian\Desktop\ipca\3\pdm\api\src\test\kotlin\com\ipca\TestApplicationFactory.kt:4:1
	WildcardImport - [io.ktor.client.statement.* is a wildcard import. Replace it with fully qualified(...)] at C:\Users\arian\Desktop\ipca\3\pdm\api\src\test\kotlin\com\ipca\TestApplicationFactory.kt:5:1
	WildcardImport - [io.ktor.http.* is a wildcard import. Replace it with fully qualified imports.] at C:\Users\arian\Desktop\ipca\3\pdm\api\src\test\kotlin\com\ipca\TestApplicationFactory.kt:6:1
	WildcardImport - [io.ktor.server.testing.* is a wildcard import. Replace it with fully qualified i(...)] at C:\Users\arian\Desktop\ipca\3\pdm\api\src\test\kotlin\com\ipca\TestApplicationFactory.kt:7:1
	WildcardImport - [com.ipca.utils.* is a wildcard import. Replace it with fully qualified imports.] at C:\Users\arian\Desktop\ipca\3\pdm\api\src\test\kotlin\com\ipca\unit\validation\ValidationTests.kt:14:1

Overall debt: 8h 5min


> Task :compileKotlin FAILED
.\gradlew.bat : e: 
file:///C:/Users/arian/Desktop/ipca/3/pdm/api/src/main/kotlin/com/ipca/auth/configureAuth.kt:9:33 Unresolved 
reference 'JwtConfig'.
At line:1 char:94
+ ... 3\pdm\api"; .\gradlew.bat build -x test 2>&1 > build_output.txt ; cat ...
+                 ~~~~~~~~~~~~~~~~~~~~~~~~~~~~~~~~~~~~~~~~~~~~~~~~~~~
    + CategoryInfo          : NotSpecified: (e: file:///C:/U...ce 'JwtConfig'.:String) [], RemoteException
    + FullyQualifiedErrorId : NativeCommandError
 

FAILURE: Build completed with 2 failures.

1: Task failed with an exception.
-----------
* What went wrong:
Execution failed for task ':detekt'.
> Analysis failed with 80 weighted issues.

* Try:
> Run with --stacktrace option to get the stack trace.
> Run with --info or --debug option to get more log output.
> Run with --scan to get full insights.
> Get more help at https://help.gradle.org.
==============================================================================

2: Task failed with an exception.
-----------
* What went wrong:
Execution failed for task ':compileKotlin'.
> A failure occurred while executing 
org.jetbrains.kotlin.compilerRunner.GradleCompilerRunnerWithWorkers$GradleKotlinCompilerWorkAction
   > Compilation error. See log for more details

* Try:
> Run with --stacktrace option to get the stack trace.
> Run with --info or --debug option to get more log output.
> Run with --scan to get full insights.
> Get more help at https://help.gradle.org.
==============================================================================

BUILD FAILED in 4s
3 actionable tasks: 2 executed, 1 up-to-date
